// Jest Snapshot v1, https://goo.gl/fbAQLP

exports[`SearchBar component matches snapshot DOM node structure 1`] = `
<DocumentFragment>
  <div>
    <input
      placeholder="Search Name"
      type="text"
    />
  </div>
</DocumentFragment>
`;
